 SkyOS64

 Timestamp is 5aed3a03 (Sat May  5 13:58:43 2018)

 Preferred load address is 00000000001f0000

 Start         Length     Name                   Class
 0001:00000000 0000435aH .text$mn                CODE
 0002:00000000 0000006cH .rdata                  DATA
 0002:0000006c 00000080H .rdata$zzzdbg           DATA
 0002:000000ec 000001b0H .xdata                  DATA
 0002:0000029c 00000000H .edata                  DATA
 0003:00000000 00000288H .data                   DATA
 0003:00000288 00000050H .bss                    DATA
 0004:00000000 0000027cH .pdata                  DATA

  Address         Publics by Value              Rva+Base               Lib:Object

 0000:00000000       __guard_flags              0000000000000000     <absolute>
 0000:00000000       __dynamic_value_reloc_table 0000000000000000     <absolute>
 0000:00000000       __guard_longjmp_table      0000000000000000     <absolute>
 0000:00000000       __guard_iat_table          0000000000000000     <absolute>
 0000:00000000       __guard_fids_table         0000000000000000     <absolute>
 0000:00000000       __guard_longjmp_count      0000000000000000     <absolute>
 0000:00000000       __guard_iat_count          0000000000000000     <absolute>
 0000:00000000       __hybrid_code_map_count    0000000000000000     <absolute>
 0000:00000000       __guard_fids_count         0000000000000000     <absolute>
 0000:00000000       __hybrid_code_map          0000000000000000     <absolute>
 0000:00000000       __enclave_config           0000000000000000     <absolute>
 0000:00000000       __hybrid_auxiliary_iat     0000000000000000     <absolute>
 0000:00000000       __ImageBase                00000000001f0000     <linker-defined>
 0001:00000000       _isctype                   00000000001f0400 f   ctype.obj
 0001:00000040       isspace                    00000000001f0440 f   ctype.obj
 0001:00000060       isupper                    00000000001f0460 f   ctype.obj
 0001:00000080       islower                    00000000001f0480 f   ctype.obj
 0001:000000a0       isdigit                    00000000001f04a0 f   ctype.obj
 0001:000000c0       isxdigit                   00000000001f04c0 f   ctype.obj
 0001:000000e0       ispunct                    00000000001f04e0 f   ctype.obj
 0001:00000100       isalpha                    00000000001f0500 f   ctype.obj
 0001:00000120       isalnum                    00000000001f0520 f   ctype.obj
 0001:00000140       isprint                    00000000001f0540 f   ctype.obj
 0001:00000160       isgraph                    00000000001f0560 f   ctype.obj
 0001:00000180       iscntrl                    00000000001f0580 f   ctype.obj
 0001:000001a0       isleadbyte                 00000000001f05a0 f   ctype.obj
 0001:000001c0       toupper                    00000000001f05c0 f   ctype.obj
 0001:00000200       tolower                    00000000001f0600 f   ctype.obj
 0001:00000230       _ffmt                      00000000001f0630 f   ffmt.obj
 0001:00000730       ?Test@@YAXXZ               00000000001f0b30 f   kmain.obj
 0001:00000740       ?kmain64@@YAXXZ            00000000001f0b40 f   kmain.obj
 0001:00000770       ?Initialize@SkyConsole@@YAXXZ 00000000001f0b70 f   SkyConsole.obj
 0001:00000820       ?Clear@SkyConsole@@YAXXZ   00000000001f0c20 f   SkyConsole.obj
 0001:00000880       ?WriteChar@SkyConsole@@YAXDW4ConsoleColor@@0@Z 00000000001f0c80 f   SkyConsole.obj
 0001:00000a40       ?WriteString@SkyConsole@@YAXPEBDW4ConsoleColor@@1@Z 00000000001f0e40 f   SkyConsole.obj
 0001:00000b20       ?Write@SkyConsole@@YAXPEBD@Z 00000000001f0f20 f   SkyConsole.obj
 0001:00000b80       ?WriteChar@SkyConsole@@YAXD@Z 00000000001f0f80 f   SkyConsole.obj
 0001:00000bb0       ?Print@SkyConsole@@YAXPEBDZZ 00000000001f0fb0 f   SkyConsole.obj
 0001:00000ec0       ?MoveCursor@SkyConsole@@YAXII@Z 00000000001f12c0 f   SkyConsole.obj
 0001:00000ed0       ?GetCursorPos@SkyConsole@@YAXAEAI0@Z 00000000001f12d0 f   SkyConsole.obj
 0001:00000f00       ?SetCursorType@SkyConsole@@YAXEE@Z 00000000001f1300 f   SkyConsole.obj
 0001:00000f10       ?scrollup@SkyConsole@@YAXXZ 00000000001f1310 f   SkyConsole.obj
 0001:00000fc0       ?SetColor@SkyConsole@@YAXW4ConsoleColor@@0_N@Z 00000000001f13c0 f   SkyConsole.obj
 0001:00001010       ?GetBackColor@SkyConsole@@YAEXZ 00000000001f1410 f   SkyConsole.obj
 0001:00001020       ?GetTextColor@SkyConsole@@YAEXZ 00000000001f1420 f   SkyConsole.obj
 0001:00001030       ?SetBackColor@SkyConsole@@YAXW4ConsoleColor@@@Z 00000000001f1430 f   SkyConsole.obj
 0001:00001070       ?SetTextColor@SkyConsole@@YAXW4ConsoleColor@@@Z 00000000001f1470 f   SkyConsole.obj
 0001:000010a0       ?GetCommand@SkyConsole@@YAXPEADH@Z 00000000001f14a0 f   SkyConsole.obj
 0001:000010b0       ?GetChar@SkyConsole@@YADXZ 00000000001f14b0 f   SkyConsole.obj
 0001:000010c0       sprintf                    00000000001f14c0 f   sprintf.obj
 0001:00001110       itoa                       00000000001f1510 f   sprintf.obj
 0001:00001230       itoa_s                     00000000001f1630 f   sprintf.obj
 0001:00001270       ?itoa_s@@YAXHIPEAD@Z       00000000001f1670 f   sprintf.obj
 0001:000012d0       strtoul                    00000000001f16d0 f   stdio.obj
 0001:000015d0       vsprintf                   00000000001f19d0 f   stdio.obj
 0001:00001ab0       strtol                     00000000001f1eb0 f   stdio.obj
 0001:00001de0       atoi                       00000000001f21e0 f   stdio.obj
 0001:00001e10       sscanf                     00000000001f2210 f   stdio.obj
 0001:00001e60       ?simple_strtoul@@YAKPEBDPEAPEADI@Z 00000000001f2260 f   stdio.obj
 0001:00001fe0       ?simple_strtol@@YAJPEBDPEAPEADI@Z 00000000001f23e0 f   stdio.obj
 0001:00002040       ?simple_strtoull@@YA_KPEBDPEAPEADI@Z 00000000001f2440 f   stdio.obj
 0001:000021f0       ?simple_strtoll@@YA_JPEBDPEAPEADI@Z 00000000001f25f0 f   stdio.obj
 0001:000022c0       ?vsscanf@@YAHPEBD0PEAE@Z   00000000001f26c0 f   stdio.obj
 0001:00002c90       strcpy                     00000000001f3090 f   string.obj
 0001:00002d00       strlen                     00000000001f3100 f   string.obj
 0001:00002d50       strcmp                     00000000001f3150 f   string.obj
 0001:00002dd0       strncmp                    00000000001f31d0 f   string.obj
 0001:00002e80       strncasecmp                00000000001f3280 f   string.obj
 0001:00002f70       strstr                     00000000001f3370 f   string.obj
 0001:00003020       strupr                     00000000001f3420 f   string.obj
 0001:00003090       strcat                     00000000001f3490 f   string.obj
 0001:00003150       strncat                    00000000001f3550 f   string.obj
 0001:000031d0       strchr                     00000000001f35d0 f   string.obj
 0001:00003220       stricmp                    00000000001f3620 f   string.obj
 0001:00003360       strpbrk                    00000000001f3760 f   string.obj
 0001:000033e0       strtok                     00000000001f37e0 f   string.obj
 0001:00003490       strspn                     00000000001f3890 f   string.obj
 0001:00003530       strncpy                    00000000001f3930 f   string.obj
 0001:000035b0       strnicmp                   00000000001f39b0 f   string.obj
 0001:00003650       strnchr                    00000000001f3a50 f   string.obj
 0001:000036d0       strrchr                    00000000001f3ad0 f   string.obj
 0001:00003740       strxfrm                    00000000001f3b40 f   string.obj
 0001:00003820       strcoll                    00000000001f3c20 f   string.obj
 0001:00003850       strtod                     00000000001f3c50 f   string.obj
 0001:00003ce0       strcspn                    00000000001f40e0 f   string.obj
 0001:00003d80       ftoa_fixed                 00000000001f4180 f   string.obj
 0001:00003f70       ftoa_sci                   00000000001f4370 f   string.obj
 0001:00004110       strichr                    00000000001f4510 f   string.obj
 0001:00004230       ?memsetw@@YAPEAGPEAGG_K@Z  00000000001f4630 f   string.obj
 0001:00004290       ?normalize@@YAHPEAN@Z      00000000001f4690 f   string.obj
 0002:00000018       __real@0000000000000000    00000000001f4818     string.obj
 0002:00000020       __real@3fb999999999999a    00000000001f4820     string.obj
 0002:00000028       __real@3ff0000000000000    00000000001f4828     string.obj
 0002:00000030       __real@4024000000000000    00000000001f4830     string.obj
 0002:00000038       __real@41cdcd6500000000    00000000001f4838     string.obj
 0002:00000040       __xmm@80000000000000008000000000000000 00000000001f4840     string.obj
 0003:00000000       _pctype                    00000000001f4c00     ctype.obj
 0003:00000010       ?_ctype@@3PAGA             00000000001f4c10     ctype.obj
 0003:00000218       ?bchars@@3PADA             00000000001f4e18     sprintf.obj
 0003:00000230       _fltused                   00000000001f4e30     string.obj
 0003:000002b0       ?tbuf@@3PADA               00000000001f4eb0     sprintf.obj

 entry point at        0000:00000000

 Static symbols

 0001:000006b0       $LN40                      00000000001f0ab0     ffmt.obj
 0001:000006d0       $LN39                      00000000001f0ad0     ffmt.obj
 0001:00000700       nIsDigit                   00000000001f0b00 f   ffmt.obj
 0001:00000e80       $LN20                      00000000001f1280     SkyConsole.obj
 0001:00000e98       $LN19                      00000000001f1298     SkyConsole.obj
 0001:00001a58       $LN21                      00000000001f1e58     stdio.obj
 0001:00001a74       $LN20                      00000000001f1e74     stdio.obj
 0001:00002250       ?skip_atoi@@YAHPEAPEBD@Z   00000000001f2650 f   stdio.obj
 0001:00002c0c       $LN77                      00000000001f300c     stdio.obj
 0001:00002c34       $LN76                      00000000001f3034     stdio.obj
 0001:00004190       ?ToUpper@@YAEE@Z           00000000001f4590 f   string.obj
 0001:000041c0       ?IsDigit@@YAEE@Z           00000000001f45c0 f   string.obj
 0001:000041f0       ?IsSpace@@YAEE@Z           00000000001f45f0 f   string.obj
 0001:00004330       ?ToLower@@YAEE@Z           00000000001f4730 f   string.obj
 0002:00000000       $SG2935                    00000000001f4800     kmain.obj
 0002:000000ec       $unwind$_ffmt              00000000001f48ec     ffmt.obj
 0002:000000f4       $unwind$?kmain64@@YAXXZ    00000000001f48f4     kmain.obj
 0002:000000fc       $unwind$?Initialize@SkyConsole@@YAXXZ 00000000001f48fc     SkyConsole.obj
 0002:00000104       $unwind$?Clear@SkyConsole@@YAXXZ 00000000001f4904     SkyConsole.obj
 0002:0000010c       $unwind$?WriteChar@SkyConsole@@YAXDW4ConsoleColor@@0@Z 00000000001f490c     SkyConsole.obj
 0002:00000114       $unwind$?WriteString@SkyConsole@@YAXPEBDW4ConsoleColor@@1@Z 00000000001f4914     SkyConsole.obj
 0002:0000011c       $unwind$?Write@SkyConsole@@YAXPEBD@Z 00000000001f491c     SkyConsole.obj
 0002:00000124       $unwind$?WriteChar@SkyConsole@@YAXD@Z 00000000001f4924     SkyConsole.obj
 0002:0000012c       $unwind$?Print@SkyConsole@@YAXPEBDZZ 00000000001f492c     SkyConsole.obj
 0002:00000138       $unwind$?scrollup@SkyConsole@@YAXXZ 00000000001f4938     SkyConsole.obj
 0002:00000140       $unwind$?SetColor@SkyConsole@@YAXW4ConsoleColor@@0_N@Z 00000000001f4940     SkyConsole.obj
 0002:00000148       $unwind$sprintf            00000000001f4948     sprintf.obj
 0002:00000150       $unwind$itoa               00000000001f4950     sprintf.obj
 0002:00000158       $unwind$itoa_s             00000000001f4958     sprintf.obj
 0002:00000160       $unwind$?itoa_s@@YAXHIPEAD@Z 00000000001f4960     sprintf.obj
 0002:00000168       $unwind$strtoul            00000000001f4968     stdio.obj
 0002:00000170       $unwind$vsprintf           00000000001f4970     stdio.obj
 0002:0000017c       $unwind$strtol             00000000001f497c     stdio.obj
 0002:00000184       $unwind$atoi               00000000001f4984     stdio.obj
 0002:0000018c       $unwind$sscanf             00000000001f498c     stdio.obj
 0002:00000194       $unwind$?simple_strtoul@@YAKPEBDPEAPEADI@Z 00000000001f4994     stdio.obj
 0002:0000019c       $unwind$?simple_strtol@@YAJPEBDPEAPEADI@Z 00000000001f499c     stdio.obj
 0002:000001a4       $unwind$?simple_strtoull@@YA_KPEBDPEAPEADI@Z 00000000001f49a4     stdio.obj
 0002:000001ac       $unwind$?simple_strtoll@@YA_JPEBDPEAPEADI@Z 00000000001f49ac     stdio.obj
 0002:000001b4       $unwind$?skip_atoi@@YAHPEAPEBD@Z 00000000001f49b4     stdio.obj
 0002:000001bc       $unwind$?vsscanf@@YAHPEBD0PEAE@Z 00000000001f49bc     stdio.obj
 0002:000001c4       $unwind$strcpy             00000000001f49c4     string.obj
 0002:000001cc       $unwind$strlen             00000000001f49cc     string.obj
 0002:000001d4       $unwind$strcmp             00000000001f49d4     string.obj
 0002:000001dc       $unwind$strncmp            00000000001f49dc     string.obj
 0002:000001e4       $unwind$strncasecmp        00000000001f49e4     string.obj
 0002:000001ec       $unwind$strstr             00000000001f49ec     string.obj
 0002:000001f4       $unwind$strupr             00000000001f49f4     string.obj
 0002:000001fc       $unwind$strcat             00000000001f49fc     string.obj
 0002:00000204       $unwind$strncat            00000000001f4a04     string.obj
 0002:0000020c       $unwind$strchr             00000000001f4a0c     string.obj
 0002:00000214       $unwind$stricmp            00000000001f4a14     string.obj
 0002:0000021c       $unwind$strpbrk            00000000001f4a1c     string.obj
 0002:00000224       $unwind$strtok             00000000001f4a24     string.obj
 0002:0000022c       $unwind$strspn             00000000001f4a2c     string.obj
 0002:00000234       $unwind$strncpy            00000000001f4a34     string.obj
 0002:0000023c       $unwind$strnicmp           00000000001f4a3c     string.obj
 0002:00000244       $unwind$strnchr            00000000001f4a44     string.obj
 0002:0000024c       $unwind$strrchr            00000000001f4a4c     string.obj
 0002:00000254       $unwind$strxfrm            00000000001f4a54     string.obj
 0002:0000025c       $unwind$strcoll            00000000001f4a5c     string.obj
 0002:00000264       $unwind$strtod             00000000001f4a64     string.obj
 0002:0000026c       $unwind$strcspn            00000000001f4a6c     string.obj
 0002:00000274       $unwind$ftoa_fixed         00000000001f4a74     string.obj
 0002:0000027c       $unwind$ftoa_sci           00000000001f4a7c     string.obj
 0002:00000284       $unwind$strichr            00000000001f4a84     string.obj
 0002:0000028c       $unwind$?memsetw@@YAPEAGPEAGG_K@Z 00000000001f4a8c     string.obj
 0002:00000294       $unwind$?normalize@@YAHPEAN@Z 00000000001f4a94     string.obj
 0003:00000234       ?maxExponent@@3HA          00000000001f4e34     string.obj
 0003:00000240       ?powersOf10@@3PANA         00000000001f4e40     string.obj
 0003:00000288       ?m_Color@SkyConsole@@3W4ConsoleColor@@A 00000000001f4e88     SkyConsole.obj
 0003:0000028c       ?m_Text@SkyConsole@@3W4ConsoleColor@@A 00000000001f4e8c     SkyConsole.obj
 0003:00000290       ?m_backGroundColor@SkyConsole@@3W4ConsoleColor@@A 00000000001f4e90     SkyConsole.obj
 0003:00000294       ?m_xPos@SkyConsole@@3IA    00000000001f4e94     SkyConsole.obj
 0003:00000298       ?m_yPos@SkyConsole@@3IA    00000000001f4e98     SkyConsole.obj
 0003:0000029c       ?m_ScreenHeight@SkyConsole@@3IA 00000000001f4e9c     SkyConsole.obj
 0003:000002a0       ?m_pVideoMemory@SkyConsole@@3PEAGEA 00000000001f4ea0     SkyConsole.obj
 0003:000002a8       ?m_ScreenWidth@SkyConsole@@3IA 00000000001f4ea8     SkyConsole.obj
 0003:000002ac       ?m_VideoCardType@SkyConsole@@3GA 00000000001f4eac     SkyConsole.obj
 0003:000002d0       ?lastToken@?1??strtok@@9@4PEADEA 00000000001f4ed0     string.obj
 0004:00000000       $pdata$_ffmt               00000000001f5000     ffmt.obj
 0004:0000000c       $pdata$?kmain64@@YAXXZ     00000000001f500c     kmain.obj
 0004:00000018       $pdata$?Initialize@SkyConsole@@YAXXZ 00000000001f5018     SkyConsole.obj
 0004:00000024       $pdata$?Clear@SkyConsole@@YAXXZ 00000000001f5024     SkyConsole.obj
 0004:00000030       $pdata$?WriteChar@SkyConsole@@YAXDW4ConsoleColor@@0@Z 00000000001f5030     SkyConsole.obj
 0004:0000003c       $pdata$?WriteString@SkyConsole@@YAXPEBDW4ConsoleColor@@1@Z 00000000001f503c     SkyConsole.obj
 0004:00000048       $pdata$?Write@SkyConsole@@YAXPEBD@Z 00000000001f5048     SkyConsole.obj
 0004:00000054       $pdata$?WriteChar@SkyConsole@@YAXD@Z 00000000001f5054     SkyConsole.obj
 0004:00000060       $pdata$?Print@SkyConsole@@YAXPEBDZZ 00000000001f5060     SkyConsole.obj
 0004:0000006c       $pdata$?scrollup@SkyConsole@@YAXXZ 00000000001f506c     SkyConsole.obj
 0004:00000078       $pdata$?SetColor@SkyConsole@@YAXW4ConsoleColor@@0_N@Z 00000000001f5078     SkyConsole.obj
 0004:00000084       $pdata$sprintf             00000000001f5084     sprintf.obj
 0004:00000090       $pdata$itoa                00000000001f5090     sprintf.obj
 0004:0000009c       $pdata$itoa_s              00000000001f509c     sprintf.obj
 0004:000000a8       $pdata$?itoa_s@@YAXHIPEAD@Z 00000000001f50a8     sprintf.obj
 0004:000000b4       $pdata$strtoul             00000000001f50b4     stdio.obj
 0004:000000c0       $pdata$vsprintf            00000000001f50c0     stdio.obj
 0004:000000cc       $pdata$strtol              00000000001f50cc     stdio.obj
 0004:000000d8       $pdata$atoi                00000000001f50d8     stdio.obj
 0004:000000e4       $pdata$sscanf              00000000001f50e4     stdio.obj
 0004:000000f0       $pdata$?simple_strtoul@@YAKPEBDPEAPEADI@Z 00000000001f50f0     stdio.obj
 0004:000000fc       $pdata$?simple_strtol@@YAJPEBDPEAPEADI@Z 00000000001f50fc     stdio.obj
 0004:00000108       $pdata$?simple_strtoull@@YA_KPEBDPEAPEADI@Z 00000000001f5108     stdio.obj
 0004:00000114       $pdata$?simple_strtoll@@YA_JPEBDPEAPEADI@Z 00000000001f5114     stdio.obj
 0004:00000120       $pdata$?skip_atoi@@YAHPEAPEBD@Z 00000000001f5120     stdio.obj
 0004:0000012c       $pdata$?vsscanf@@YAHPEBD0PEAE@Z 00000000001f512c     stdio.obj
 0004:00000138       $pdata$strcpy              00000000001f5138     string.obj
 0004:00000144       $pdata$strlen              00000000001f5144     string.obj
 0004:00000150       $pdata$strcmp              00000000001f5150     string.obj
 0004:0000015c       $pdata$strncmp             00000000001f515c     string.obj
 0004:00000168       $pdata$strncasecmp         00000000001f5168     string.obj
 0004:00000174       $pdata$strstr              00000000001f5174     string.obj
 0004:00000180       $pdata$strupr              00000000001f5180     string.obj
 0004:0000018c       $pdata$strcat              00000000001f518c     string.obj
 0004:00000198       $pdata$strncat             00000000001f5198     string.obj
 0004:000001a4       $pdata$strchr              00000000001f51a4     string.obj
 0004:000001b0       $pdata$stricmp             00000000001f51b0     string.obj
 0004:000001bc       $pdata$strpbrk             00000000001f51bc     string.obj
 0004:000001c8       $pdata$strtok              00000000001f51c8     string.obj
 0004:000001d4       $pdata$strspn              00000000001f51d4     string.obj
 0004:000001e0       $pdata$strncpy             00000000001f51e0     string.obj
 0004:000001ec       $pdata$strnicmp            00000000001f51ec     string.obj
 0004:000001f8       $pdata$strnchr             00000000001f51f8     string.obj
 0004:00000204       $pdata$strrchr             00000000001f5204     string.obj
 0004:00000210       $pdata$strxfrm             00000000001f5210     string.obj
 0004:0000021c       $pdata$strcoll             00000000001f521c     string.obj
 0004:00000228       $pdata$strtod              00000000001f5228     string.obj
 0004:00000234       $pdata$strcspn             00000000001f5234     string.obj
 0004:00000240       $pdata$ftoa_fixed          00000000001f5240     string.obj
 0004:0000024c       $pdata$ftoa_sci            00000000001f524c     string.obj
 0004:00000258       $pdata$strichr             00000000001f5258     string.obj
 0004:00000264       $pdata$?memsetw@@YAPEAGPEAGG_K@Z 00000000001f5264     string.obj
 0004:00000270       $pdata$?normalize@@YAHPEAN@Z 00000000001f5270     string.obj
