 SkyOS64

 Timestamp is 5aefe632 (Mon May  7 14:37:54 2018)

 Preferred load address is 0000000000200000

 Start         Length     Name                   Class
 0001:00000000 00000030H .text                   CODE
 0001:00000030 0000481aH .text$mn                CODE
 0002:00000000 000000a4H .rdata                  DATA
 0002:000000a4 00000110H .rdata$zzzdbg           DATA
 0002:000001b4 000001e0H .xdata                  DATA
 0002:00000394 00000000H .edata                  DATA
 0003:00000000 00000288H .data                   DATA
 0003:00000288 00000050H .bss                    DATA
 0004:00000000 000002c4H .pdata                  DATA

  Address         Publics by Value              Rva+Base               Lib:Object

 0000:00000000       __guard_flags              0000000000000000     <absolute>
 0000:00000000       __dynamic_value_reloc_table 0000000000000000     <absolute>
 0000:00000000       __guard_iat_table          0000000000000000     <absolute>
 0000:00000000       __guard_iat_count          0000000000000000     <absolute>
 0000:00000000       __guard_fids_table         0000000000000000     <absolute>
 0000:00000000       __hybrid_code_map          0000000000000000     <absolute>
 0000:00000000       __hybrid_code_map_count    0000000000000000     <absolute>
 0000:00000000       __guard_longjmp_table      0000000000000000     <absolute>
 0000:00000000       __guard_longjmp_count      0000000000000000     <absolute>
 0000:00000000       __hybrid_auxiliary_iat     0000000000000000     <absolute>
 0000:00000000       __enclave_config           0000000000000000     <absolute>
 0000:00000000       __guard_fids_count         0000000000000000     <absolute>
 0000:00000000       __ImageBase                0000000000200000     <linker-defined>
 0001:00000000       main64                     0000000000200400     entry64.obj
 0001:00000030       _isctype                   0000000000200430 f   ctype.obj
 0001:00000070       isspace                    0000000000200470 f   ctype.obj
 0001:00000090       isupper                    0000000000200490 f   ctype.obj
 0001:000000b0       islower                    00000000002004b0 f   ctype.obj
 0001:000000d0       isdigit                    00000000002004d0 f   ctype.obj
 0001:000000f0       isxdigit                   00000000002004f0 f   ctype.obj
 0001:00000110       ispunct                    0000000000200510 f   ctype.obj
 0001:00000130       isalpha                    0000000000200530 f   ctype.obj
 0001:00000150       isalnum                    0000000000200550 f   ctype.obj
 0001:00000170       isprint                    0000000000200570 f   ctype.obj
 0001:00000190       isgraph                    0000000000200590 f   ctype.obj
 0001:000001b0       iscntrl                    00000000002005b0 f   ctype.obj
 0001:000001d0       isleadbyte                 00000000002005d0 f   ctype.obj
 0001:000001f0       toupper                    00000000002005f0 f   ctype.obj
 0001:00000230       tolower                    0000000000200630 f   ctype.obj
 0001:00000260       _ffmt                      0000000000200660 f   ffmt.obj
 0001:00000760       ?InitializeGDTWithTSS@@YAXXZ 0000000000200b60 f   GDT.obj
 0001:00000840       ?SetGDT_Entry8@@YAXPEAU_Struct_GDT_Entry8@@KKEEE@Z 0000000000200c40 f   GDT.obj
 0001:000008e0       ?SetGDT_Entry16@@YAXPEAU_Struct_GDT_Entry16@@KKEEE@Z 0000000000200ce0 f   GDT.obj
 0001:00000990       kmain64                    0000000000200d90 f   kmain.obj
 0001:000009b0       memcpy                     0000000000200db0 f   memory.obj
 0001:00000a30       memset                     0000000000200e30 f   memory.obj
 0001:00000a90       memcmp                     0000000000200e90 f   memory.obj
 0001:00000b40       memmove                    0000000000200f40 f   memory.obj
 0001:00000bf0       memchr                     0000000000200ff0 f   memory.obj
 0001:00000c60       ?Initialize@SkyConsole@@YAXXZ 0000000000201060 f   SkyConsole.obj
 0001:00000d10       ?Clear@SkyConsole@@YAXXZ   0000000000201110 f   SkyConsole.obj
 0001:00000d70       ?WriteChar@SkyConsole@@YAXDW4ConsoleColor@@0@Z 0000000000201170 f   SkyConsole.obj
 0001:00000f30       ?WriteString@SkyConsole@@YAXPEBDW4ConsoleColor@@1@Z 0000000000201330 f   SkyConsole.obj
 0001:00001010       ?Write@SkyConsole@@YAXPEBD@Z 0000000000201410 f   SkyConsole.obj
 0001:00001070       ?WriteChar@SkyConsole@@YAXD@Z 0000000000201470 f   SkyConsole.obj
 0001:000010a0       ?Print@SkyConsole@@YAXPEBDZZ 00000000002014a0 f   SkyConsole.obj
 0001:000013b0       ?MoveCursor@SkyConsole@@YAXII@Z 00000000002017b0 f   SkyConsole.obj
 0001:000013c0       ?GetCursorPos@SkyConsole@@YAXAEAI0@Z 00000000002017c0 f   SkyConsole.obj
 0001:000013f0       ?SetCursorType@SkyConsole@@YAXEE@Z 00000000002017f0 f   SkyConsole.obj
 0001:00001400       ?scrollup@SkyConsole@@YAXXZ 0000000000201800 f   SkyConsole.obj
 0001:000014b0       ?SetColor@SkyConsole@@YAXW4ConsoleColor@@0_N@Z 00000000002018b0 f   SkyConsole.obj
 0001:00001500       ?GetBackColor@SkyConsole@@YAEXZ 0000000000201900 f   SkyConsole.obj
 0001:00001510       ?GetTextColor@SkyConsole@@YAEXZ 0000000000201910 f   SkyConsole.obj
 0001:00001520       ?SetBackColor@SkyConsole@@YAXW4ConsoleColor@@@Z 0000000000201920 f   SkyConsole.obj
 0001:00001560       ?SetTextColor@SkyConsole@@YAXW4ConsoleColor@@@Z 0000000000201960 f   SkyConsole.obj
 0001:00001590       ?GetCommand@SkyConsole@@YAXPEADH@Z 0000000000201990 f   SkyConsole.obj
 0001:000015a0       ?GetChar@SkyConsole@@YADXZ 00000000002019a0 f   SkyConsole.obj
 0001:000015b0       sprintf                    00000000002019b0 f   sprintf.obj
 0001:00001600       itoa                       0000000000201a00 f   sprintf.obj
 0001:00001720       itoa_s                     0000000000201b20 f   sprintf.obj
 0001:00001760       ?itoa_s@@YAXHIPEAD@Z       0000000000201b60 f   sprintf.obj
 0001:000017c0       strtoul                    0000000000201bc0 f   stdio.obj
 0001:00001ac0       vsprintf                   0000000000201ec0 f   stdio.obj
 0001:00001fa0       strtol                     00000000002023a0 f   stdio.obj
 0001:000022d0       atoi                       00000000002026d0 f   stdio.obj
 0001:00002300       sscanf                     0000000000202700 f   stdio.obj
 0001:00002350       ?simple_strtoul@@YAKPEBDPEAPEADI@Z 0000000000202750 f   stdio.obj
 0001:000024d0       ?simple_strtol@@YAJPEBDPEAPEADI@Z 00000000002028d0 f   stdio.obj
 0001:00002530       ?simple_strtoull@@YA_KPEBDPEAPEADI@Z 0000000000202930 f   stdio.obj
 0001:000026e0       ?simple_strtoll@@YA_JPEBDPEAPEADI@Z 0000000000202ae0 f   stdio.obj
 0001:000027b0       ?vsscanf@@YAHPEBD0PEAE@Z   0000000000202bb0 f   stdio.obj
 0001:00003180       strcpy                     0000000000203580 f   string.obj
 0001:000031f0       strlen                     00000000002035f0 f   string.obj
 0001:00003240       strcmp                     0000000000203640 f   string.obj
 0001:000032c0       strncmp                    00000000002036c0 f   string.obj
 0001:00003370       strncasecmp                0000000000203770 f   string.obj
 0001:00003460       strstr                     0000000000203860 f   string.obj
 0001:00003510       strupr                     0000000000203910 f   string.obj
 0001:00003580       strcat                     0000000000203980 f   string.obj
 0001:00003640       strncat                    0000000000203a40 f   string.obj
 0001:000036c0       strchr                     0000000000203ac0 f   string.obj
 0001:00003710       stricmp                    0000000000203b10 f   string.obj
 0001:00003850       strpbrk                    0000000000203c50 f   string.obj
 0001:000038d0       strtok                     0000000000203cd0 f   string.obj
 0001:00003980       strspn                     0000000000203d80 f   string.obj
 0001:00003a20       strncpy                    0000000000203e20 f   string.obj
 0001:00003aa0       strnicmp                   0000000000203ea0 f   string.obj
 0001:00003b40       strnchr                    0000000000203f40 f   string.obj
 0001:00003bc0       strrchr                    0000000000203fc0 f   string.obj
 0001:00003c30       strxfrm                    0000000000204030 f   string.obj
 0001:00003d10       strcoll                    0000000000204110 f   string.obj
 0001:00003d40       strtod                     0000000000204140 f   string.obj
 0001:000041d0       strcspn                    00000000002045d0 f   string.obj
 0001:00004270       ftoa_fixed                 0000000000204670 f   string.obj
 0001:00004460       ftoa_sci                   0000000000204860 f   string.obj
 0001:00004600       strichr                    0000000000204a00 f   string.obj
 0001:00004720       ?memsetw@@YAPEAGPEAGG_K@Z  0000000000204b20 f   string.obj
 0001:00004780       ?normalize@@YAHPEAN@Z      0000000000204b80 f   string.obj
 0002:00000018       __real@0000000000000000    0000000000205018     string.obj
 0002:00000020       __real@3fb999999999999a    0000000000205020     string.obj
 0002:00000028       __real@3ff0000000000000    0000000000205028     string.obj
 0002:00000030       __real@4024000000000000    0000000000205030     string.obj
 0002:00000038       __real@41cdcd6500000000    0000000000205038     string.obj
 0002:00000040       __xmm@80000000000000008000000000000000 0000000000205040     string.obj
 0003:00000000       _pctype                    0000000000205400     ctype.obj
 0003:00000010       ?_ctype@@3PAGA             0000000000205410     ctype.obj
 0003:00000218       ?bchars@@3PADA             0000000000205618     sprintf.obj
 0003:00000230       _fltused                   0000000000205630     string.obj
 0003:000002b0       ?tbuf@@3PADA               00000000002056b0     sprintf.obj

 entry point at        0001:00000000

 Static symbols

 0001:000006e0       $LN40                      0000000000200ae0     ffmt.obj
 0001:00000700       $LN39                      0000000000200b00     ffmt.obj
 0001:00000730       nIsDigit                   0000000000200b30 f   ffmt.obj
 0001:00001370       $LN20                      0000000000201770     SkyConsole.obj
 0001:00001388       $LN19                      0000000000201788     SkyConsole.obj
 0001:00001f48       $LN21                      0000000000202348     stdio.obj
 0001:00001f64       $LN20                      0000000000202364     stdio.obj
 0001:00002740       ?skip_atoi@@YAHPEAPEBD@Z   0000000000202b40 f   stdio.obj
 0001:000030fc       $LN77                      00000000002034fc     stdio.obj
 0001:00003124       $LN76                      0000000000203524     stdio.obj
 0001:00004680       ?ToUpper@@YAEE@Z           0000000000204a80 f   string.obj
 0001:000046b0       ?IsDigit@@YAEE@Z           0000000000204ab0 f   string.obj
 0001:000046e0       ?IsSpace@@YAEE@Z           0000000000204ae0 f   string.obj
 0001:00004820       ?ToLower@@YAEE@Z           0000000000204c20 f   string.obj
 0002:00000000       $SG2929                    0000000000205000     kmain.obj
 0002:000001b4       $unwind$_ffmt              00000000002051b4     ffmt.obj
 0002:000001bc       $unwind$?InitializeGDTWithTSS@@YAXXZ 00000000002051bc     GDT.obj
 0002:000001c4       $unwind$kmain64            00000000002051c4     kmain.obj
 0002:000001cc       $unwind$memcpy             00000000002051cc     memory.obj
 0002:000001d4       $unwind$memset             00000000002051d4     memory.obj
 0002:000001dc       $unwind$memcmp             00000000002051dc     memory.obj
 0002:000001e4       $unwind$memmove            00000000002051e4     memory.obj
 0002:000001ec       $unwind$memchr             00000000002051ec     memory.obj
 0002:000001f4       $unwind$?Initialize@SkyConsole@@YAXXZ 00000000002051f4     SkyConsole.obj
 0002:000001fc       $unwind$?Clear@SkyConsole@@YAXXZ 00000000002051fc     SkyConsole.obj
 0002:00000204       $unwind$?WriteChar@SkyConsole@@YAXDW4ConsoleColor@@0@Z 0000000000205204     SkyConsole.obj
 0002:0000020c       $unwind$?WriteString@SkyConsole@@YAXPEBDW4ConsoleColor@@1@Z 000000000020520c     SkyConsole.obj
 0002:00000214       $unwind$?Write@SkyConsole@@YAXPEBD@Z 0000000000205214     SkyConsole.obj
 0002:0000021c       $unwind$?WriteChar@SkyConsole@@YAXD@Z 000000000020521c     SkyConsole.obj
 0002:00000224       $unwind$?Print@SkyConsole@@YAXPEBDZZ 0000000000205224     SkyConsole.obj
 0002:00000230       $unwind$?scrollup@SkyConsole@@YAXXZ 0000000000205230     SkyConsole.obj
 0002:00000238       $unwind$?SetColor@SkyConsole@@YAXW4ConsoleColor@@0_N@Z 0000000000205238     SkyConsole.obj
 0002:00000240       $unwind$sprintf            0000000000205240     sprintf.obj
 0002:00000248       $unwind$itoa               0000000000205248     sprintf.obj
 0002:00000250       $unwind$itoa_s             0000000000205250     sprintf.obj
 0002:00000258       $unwind$?itoa_s@@YAXHIPEAD@Z 0000000000205258     sprintf.obj
 0002:00000260       $unwind$strtoul            0000000000205260     stdio.obj
 0002:00000268       $unwind$vsprintf           0000000000205268     stdio.obj
 0002:00000274       $unwind$strtol             0000000000205274     stdio.obj
 0002:0000027c       $unwind$atoi               000000000020527c     stdio.obj
 0002:00000284       $unwind$sscanf             0000000000205284     stdio.obj
 0002:0000028c       $unwind$?simple_strtoul@@YAKPEBDPEAPEADI@Z 000000000020528c     stdio.obj
 0002:00000294       $unwind$?simple_strtol@@YAJPEBDPEAPEADI@Z 0000000000205294     stdio.obj
 0002:0000029c       $unwind$?simple_strtoull@@YA_KPEBDPEAPEADI@Z 000000000020529c     stdio.obj
 0002:000002a4       $unwind$?simple_strtoll@@YA_JPEBDPEAPEADI@Z 00000000002052a4     stdio.obj
 0002:000002ac       $unwind$?skip_atoi@@YAHPEAPEBD@Z 00000000002052ac     stdio.obj
 0002:000002b4       $unwind$?vsscanf@@YAHPEBD0PEAE@Z 00000000002052b4     stdio.obj
 0002:000002bc       $unwind$strcpy             00000000002052bc     string.obj
 0002:000002c4       $unwind$strlen             00000000002052c4     string.obj
 0002:000002cc       $unwind$strcmp             00000000002052cc     string.obj
 0002:000002d4       $unwind$strncmp            00000000002052d4     string.obj
 0002:000002dc       $unwind$strncasecmp        00000000002052dc     string.obj
 0002:000002e4       $unwind$strstr             00000000002052e4     string.obj
 0002:000002ec       $unwind$strupr             00000000002052ec     string.obj
 0002:000002f4       $unwind$strcat             00000000002052f4     string.obj
 0002:000002fc       $unwind$strncat            00000000002052fc     string.obj
 0002:00000304       $unwind$strchr             0000000000205304     string.obj
 0002:0000030c       $unwind$stricmp            000000000020530c     string.obj
 0002:00000314       $unwind$strpbrk            0000000000205314     string.obj
 0002:0000031c       $unwind$strtok             000000000020531c     string.obj
 0002:00000324       $unwind$strspn             0000000000205324     string.obj
 0002:0000032c       $unwind$strncpy            000000000020532c     string.obj
 0002:00000334       $unwind$strnicmp           0000000000205334     string.obj
 0002:0000033c       $unwind$strnchr            000000000020533c     string.obj
 0002:00000344       $unwind$strrchr            0000000000205344     string.obj
 0002:0000034c       $unwind$strxfrm            000000000020534c     string.obj
 0002:00000354       $unwind$strcoll            0000000000205354     string.obj
 0002:0000035c       $unwind$strtod             000000000020535c     string.obj
 0002:00000364       $unwind$strcspn            0000000000205364     string.obj
 0002:0000036c       $unwind$ftoa_fixed         000000000020536c     string.obj
 0002:00000374       $unwind$ftoa_sci           0000000000205374     string.obj
 0002:0000037c       $unwind$strichr            000000000020537c     string.obj
 0002:00000384       $unwind$?memsetw@@YAPEAGPEAGG_K@Z 0000000000205384     string.obj
 0002:0000038c       $unwind$?normalize@@YAHPEAN@Z 000000000020538c     string.obj
 0003:00000234       ?maxExponent@@3HA          0000000000205634     string.obj
 0003:00000240       ?powersOf10@@3PANA         0000000000205640     string.obj
 0003:00000288       ?m_Color@SkyConsole@@3W4ConsoleColor@@A 0000000000205688     SkyConsole.obj
 0003:0000028c       ?m_Text@SkyConsole@@3W4ConsoleColor@@A 000000000020568c     SkyConsole.obj
 0003:00000290       ?m_backGroundColor@SkyConsole@@3W4ConsoleColor@@A 0000000000205690     SkyConsole.obj
 0003:00000294       ?m_xPos@SkyConsole@@3IA    0000000000205694     SkyConsole.obj
 0003:00000298       ?m_yPos@SkyConsole@@3IA    0000000000205698     SkyConsole.obj
 0003:0000029c       ?m_ScreenHeight@SkyConsole@@3IA 000000000020569c     SkyConsole.obj
 0003:000002a0       ?m_pVideoMemory@SkyConsole@@3PEAGEA 00000000002056a0     SkyConsole.obj
 0003:000002a8       ?m_ScreenWidth@SkyConsole@@3IA 00000000002056a8     SkyConsole.obj
 0003:000002ac       ?m_VideoCardType@SkyConsole@@3GA 00000000002056ac     SkyConsole.obj
 0003:000002d0       ?lastToken@?1??strtok@@9@4PEADEA 00000000002056d0     string.obj
 0004:00000000       $pdata$_ffmt               0000000000205800     ffmt.obj
 0004:0000000c       $pdata$?InitializeGDTWithTSS@@YAXXZ 000000000020580c     GDT.obj
 0004:00000018       $pdata$kmain64             0000000000205818     kmain.obj
 0004:00000024       $pdata$memcpy              0000000000205824     memory.obj
 0004:00000030       $pdata$memset              0000000000205830     memory.obj
 0004:0000003c       $pdata$memcmp              000000000020583c     memory.obj
 0004:00000048       $pdata$memmove             0000000000205848     memory.obj
 0004:00000054       $pdata$memchr              0000000000205854     memory.obj
 0004:00000060       $pdata$?Initialize@SkyConsole@@YAXXZ 0000000000205860     SkyConsole.obj
 0004:0000006c       $pdata$?Clear@SkyConsole@@YAXXZ 000000000020586c     SkyConsole.obj
 0004:00000078       $pdata$?WriteChar@SkyConsole@@YAXDW4ConsoleColor@@0@Z 0000000000205878     SkyConsole.obj
 0004:00000084       $pdata$?WriteString@SkyConsole@@YAXPEBDW4ConsoleColor@@1@Z 0000000000205884     SkyConsole.obj
 0004:00000090       $pdata$?Write@SkyConsole@@YAXPEBD@Z 0000000000205890     SkyConsole.obj
 0004:0000009c       $pdata$?WriteChar@SkyConsole@@YAXD@Z 000000000020589c     SkyConsole.obj
 0004:000000a8       $pdata$?Print@SkyConsole@@YAXPEBDZZ 00000000002058a8     SkyConsole.obj
 0004:000000b4       $pdata$?scrollup@SkyConsole@@YAXXZ 00000000002058b4     SkyConsole.obj
 0004:000000c0       $pdata$?SetColor@SkyConsole@@YAXW4ConsoleColor@@0_N@Z 00000000002058c0     SkyConsole.obj
 0004:000000cc       $pdata$sprintf             00000000002058cc     sprintf.obj
 0004:000000d8       $pdata$itoa                00000000002058d8     sprintf.obj
 0004:000000e4       $pdata$itoa_s              00000000002058e4     sprintf.obj
 0004:000000f0       $pdata$?itoa_s@@YAXHIPEAD@Z 00000000002058f0     sprintf.obj
 0004:000000fc       $pdata$strtoul             00000000002058fc     stdio.obj
 0004:00000108       $pdata$vsprintf            0000000000205908     stdio.obj
 0004:00000114       $pdata$strtol              0000000000205914     stdio.obj
 0004:00000120       $pdata$atoi                0000000000205920     stdio.obj
 0004:0000012c       $pdata$sscanf              000000000020592c     stdio.obj
 0004:00000138       $pdata$?simple_strtoul@@YAKPEBDPEAPEADI@Z 0000000000205938     stdio.obj
 0004:00000144       $pdata$?simple_strtol@@YAJPEBDPEAPEADI@Z 0000000000205944     stdio.obj
 0004:00000150       $pdata$?simple_strtoull@@YA_KPEBDPEAPEADI@Z 0000000000205950     stdio.obj
 0004:0000015c       $pdata$?simple_strtoll@@YA_JPEBDPEAPEADI@Z 000000000020595c     stdio.obj
 0004:00000168       $pdata$?skip_atoi@@YAHPEAPEBD@Z 0000000000205968     stdio.obj
 0004:00000174       $pdata$?vsscanf@@YAHPEBD0PEAE@Z 0000000000205974     stdio.obj
 0004:00000180       $pdata$strcpy              0000000000205980     string.obj
 0004:0000018c       $pdata$strlen              000000000020598c     string.obj
 0004:00000198       $pdata$strcmp              0000000000205998     string.obj
 0004:000001a4       $pdata$strncmp             00000000002059a4     string.obj
 0004:000001b0       $pdata$strncasecmp         00000000002059b0     string.obj
 0004:000001bc       $pdata$strstr              00000000002059bc     string.obj
 0004:000001c8       $pdata$strupr              00000000002059c8     string.obj
 0004:000001d4       $pdata$strcat              00000000002059d4     string.obj
 0004:000001e0       $pdata$strncat             00000000002059e0     string.obj
 0004:000001ec       $pdata$strchr              00000000002059ec     string.obj
 0004:000001f8       $pdata$stricmp             00000000002059f8     string.obj
 0004:00000204       $pdata$strpbrk             0000000000205a04     string.obj
 0004:00000210       $pdata$strtok              0000000000205a10     string.obj
 0004:0000021c       $pdata$strspn              0000000000205a1c     string.obj
 0004:00000228       $pdata$strncpy             0000000000205a28     string.obj
 0004:00000234       $pdata$strnicmp            0000000000205a34     string.obj
 0004:00000240       $pdata$strnchr             0000000000205a40     string.obj
 0004:0000024c       $pdata$strrchr             0000000000205a4c     string.obj
 0004:00000258       $pdata$strxfrm             0000000000205a58     string.obj
 0004:00000264       $pdata$strcoll             0000000000205a64     string.obj
 0004:00000270       $pdata$strtod              0000000000205a70     string.obj
 0004:0000027c       $pdata$strcspn             0000000000205a7c     string.obj
 0004:00000288       $pdata$ftoa_fixed          0000000000205a88     string.obj
 0004:00000294       $pdata$ftoa_sci            0000000000205a94     string.obj
 0004:000002a0       $pdata$strichr             0000000000205aa0     string.obj
 0004:000002ac       $pdata$?memsetw@@YAPEAGPEAGG_K@Z 0000000000205aac     string.obj
 0004:000002b8       $pdata$?normalize@@YAHPEAN@Z 0000000000205ab8     string.obj
